
  .   ____          _            __ _ _
 /\\ / ___'_ __ _ _(_)_ __  __ _ \ \ \ \
( ( )\___ | '_ | '_| | '_ \/ _` | \ \ \ \
 \\/  ___)| |_)| | | | | || (_| |  ) ) ) )
  '  |____| .__|_| |_|_| |_\__, | / / / /
 =========|_|==============|___/=/_/_/_/

 :: Spring Boot ::               (v3.5.16)

2026-10-06T13:21:09.414+07:00  INFO 5872 --- [api-gateway] [           main] vn.shop.gateway.GatewayApplication       : Starting GatewayApplication v1.0.0 using Java 25.0.4 with PID 5872 (C:\Users\LENOVO\Documents\GitHub\nhom10\shop-quan-ao-soa\backend\api-gateway\target\api-gateway-1.0.0.jar started by LENOVO in C:\Users\LENOVO\Documents\GitHub\nhom10\shop-quan-ao-soa)
2026-10-06T13:21:09.415+07:00  INFO 5872 --- [api-gateway] [           main] vn.shop.gateway.GatewayApplication       : The following 1 profile is active: "local"
2026-10-06T13:21:10.614+07:00  INFO 5872 --- [api-gateway] [           main] o.s.b.w.embedded.tomcat.TomcatWebServer  : Tomcat initialized with port 8080 (http)
2026-10-06T13:21:10.631+07:00  INFO 5872 --- [api-gateway] [           main] o.apache.catalina.core.StandardService   : Starting service [Tomcat]
2026-10-06T13:21:10.631+07:00  INFO 5872 --- [api-gateway] [           main] o.apache.catalina.core.StandardEngine    : Starting Servlet engine: [Apache Tomcat/10.1.55]
2026-10-06T13:21:10.665+07:00  INFO 5872 --- [api-gateway] [           main] o.a.c.c.C.[Tomcat].[localhost].[/]       : Initializing Spring embedded WebApplicationContext
2026-10-06T13:21:10.666+07:00  INFO 5872 --- [api-gateway] [           main] w.s.c.ServletWebServerApplicationContext : Root WebApplicationContext: initialization completed in 1211 ms
2026-10-06T13:21:11.623+07:00  INFO 5872 --- [api-gateway] [           main] o.s.b.a.e.web.EndpointLinksResolver      : Exposing 2 endpoints beneath base path '/actuator'
2026-10-06T13:21:11.967+07:00  INFO 5872 --- [api-gateway] [           main] o.s.b.w.embedded.tomcat.TomcatWebServer  : Tomcat started on port 8080 (http) with context path '/'
2026-10-06T13:21:11.977+07:00  INFO 5872 --- [api-gateway] [           main] vn.shop.gateway.GatewayApplication       : Started GatewayApplication in 2.966 seconds (process running for 3.325)
2026-10-06T13:21:12.036+07:00  WARN 5872 --- [api-gateway] [           main] o.s.core.events.SpringDocAppInitializer  : SpringDoc /v3/api-docs endpoint is enabled by default. To disable it in production, set the property 'springdoc.api-docs.enabled=false'
2026-10-06T13:21:12.037+07:00  WARN 5872 --- [api-gateway] [           main] o.s.core.events.SpringDocAppInitializer  : SpringDoc /swagger-ui.html endpoint is enabled by default. To disable it in production, set the property 'springdoc.swagger-ui.enabled=false'
2026-10-06T13:21:12.186+07:00  INFO 5872 --- [api-gateway] [0.1-8080-exec-1] o.a.c.c.C.[Tomcat].[localhost].[/]       : Initializing Spring DispatcherServlet 'dispatcherServlet'
2026-10-06T13:21:12.187+07:00  INFO 5872 --- [api-gateway] [0.1-8080-exec-1] o.s.web.servlet.DispatcherServlet        : Initializing Servlet 'dispatcherServlet'
2026-10-06T13:21:12.188+07:00  INFO 5872 --- [api-gateway] [0.1-8080-exec-1] o.s.web.servlet.DispatcherServlet        : Completed initialization in 1 ms
