
  .   ____          _            __ _ _
 /\\ / ___'_ __ _ _(_)_ __  __ _ \ \ \ \
( ( )\___ | '_ | '_| | '_ \/ _` | \ \ \ \
 \\/  ___)| |_)| | | | | || (_| |  ) ) ) )
  '  |____| .__|_| |_|_| |_\__, | / / / /
 =========|_|==============|___/=/_/_/_/

 :: Spring Boot ::               (v3.5.16)

2026-10-06T13:20:36.849+07:00  INFO 25504 --- [inventory-service] [           main] vn.shop.inventory.InventoryApplication   : Starting InventoryApplication v1.0.0 using Java 25.0.4 with PID 25504 (C:\Users\LENOVO\Documents\GitHub\nhom10\shop-quan-ao-soa\backend\inventory-service\target\inventory-service-1.0.0.jar started by LENOVO in C:\Users\LENOVO\Documents\GitHub\nhom10\shop-quan-ao-soa)
2026-10-06T13:20:36.852+07:00  INFO 25504 --- [inventory-service] [           main] vn.shop.inventory.InventoryApplication   : The following 1 profile is active: "local"
2026-10-06T13:20:37.790+07:00  INFO 25504 --- [inventory-service] [           main] .s.d.r.c.RepositoryConfigurationDelegate : Bootstrapping Spring Data JPA repositories in DEFAULT mode.
2026-10-06T13:20:37.843+07:00  INFO 25504 --- [inventory-service] [           main] .s.d.r.c.RepositoryConfigurationDelegate : Finished Spring Data repository scanning in 43 ms. Found 5 JPA repository interfaces.
2026-10-06T13:20:38.488+07:00  INFO 25504 --- [inventory-service] [           main] o.s.b.w.embedded.tomcat.TomcatWebServer  : Tomcat initialized with port 8083 (http)
2026-10-06T13:20:38.508+07:00  INFO 25504 --- [inventory-service] [           main] o.apache.catalina.core.StandardService   : Starting service [Tomcat]
2026-10-06T13:20:38.509+07:00  INFO 25504 --- [inventory-service] [           main] o.apache.catalina.core.StandardEngine    : Starting Servlet engine: [Apache Tomcat/10.1.55]
2026-10-06T13:20:38.546+07:00  INFO 25504 --- [inventory-service] [           main] o.a.c.c.C.[Tomcat].[localhost].[/]       : Initializing Spring embedded WebApplicationContext
2026-10-06T13:20:38.547+07:00  INFO 25504 --- [inventory-service] [           main] w.s.c.ServletWebServerApplicationContext : Root WebApplicationContext: initialization completed in 1646 ms
2026-10-06T13:20:38.948+07:00  INFO 25504 --- [inventory-service] [           main] com.zaxxer.hikari.HikariDataSource       : HikariPool-1 - Starting...
2026-10-06T13:20:39.075+07:00  INFO 25504 --- [inventory-service] [           main] com.zaxxer.hikari.pool.HikariPool        : HikariPool-1 - Added connection com.mysql.cj.jdbc.ConnectionImpl@2e40fdbd
2026-10-06T13:20:39.076+07:00  INFO 25504 --- [inventory-service] [           main] com.zaxxer.hikari.HikariDataSource       : HikariPool-1 - Start completed.
2026-10-06T13:20:39.104+07:00  INFO 25504 --- [inventory-service] [           main] org.flywaydb.core.FlywayExecutor         : Database: jdbc:mysql://localhost:3310/shop_quan_ao_inventory?useSSL=false&allowPublicKeyRetrieval=true&serverTimezone=Asia/Ho_Chi_Minh&characterEncoding=UTF-8 (MySQL 8.0)
2026-10-06T13:20:39.141+07:00  INFO 25504 --- [inventory-service] [           main] o.f.core.internal.command.DbValidate     : Successfully validated 2 migrations (execution time 00:00.022s)
2026-10-06T13:20:39.155+07:00  INFO 25504 --- [inventory-service] [           main] o.f.core.internal.command.DbMigrate      : Current version of schema `shop_quan_ao_inventory`: 2
2026-10-06T13:20:39.158+07:00  INFO 25504 --- [inventory-service] [           main] o.f.core.internal.command.DbMigrate      : Schema `shop_quan_ao_inventory` is up to date. No migration necessary.
2026-10-06T13:20:39.234+07:00  INFO 25504 --- [inventory-service] [           main] o.hibernate.jpa.internal.util.LogHelper  : HHH000204: Processing PersistenceUnitInfo [name: default]
2026-10-06T13:20:39.296+07:00  INFO 25504 --- [inventory-service] [           main] org.hibernate.Version                    : HHH000412: Hibernate ORM core version 6.6.53.Final
2026-10-06T13:20:39.329+07:00  INFO 25504 --- [inventory-service] [           main] o.h.c.internal.RegionFactoryInitiator    : HHH000026: Second-level cache disabled
2026-10-06T13:20:39.571+07:00  INFO 25504 --- [inventory-service] [           main] o.s.o.j.p.SpringPersistenceUnitInfo      : No LoadTimeWeaver setup: ignoring JPA class transformer
2026-10-06T13:20:39.637+07:00  INFO 25504 --- [inventory-service] [           main] org.hibernate.orm.connections.pooling    : HHH10001005: Database info:
	Database JDBC URL [Connecting through datasource 'HikariDataSource (HikariPool-1)']
	Database driver: undefined/unknown
	Database version: 8.0.46
	Autocommit mode: undefined/unknown
	Isolation level: undefined/unknown
	Minimum pool size: undefined/unknown
	Maximum pool size: undefined/unknown
2026-10-06T13:20:40.331+07:00  INFO 25504 --- [inventory-service] [           main] o.h.e.t.j.p.i.JtaPlatformInitiator       : HHH000489: No JTA platform available (set 'hibernate.transaction.jta.platform' to enable JTA platform integration)
2026-10-06T13:20:40.359+07:00  INFO 25504 --- [inventory-service] [           main] j.LocalContainerEntityManagerFactoryBean : Initialized JPA EntityManagerFactory for persistence unit 'default'
2026-10-06T13:20:40.757+07:00  INFO 25504 --- [inventory-service] [           main] o.s.d.j.r.query.QueryEnhancerFactory     : Hibernate is in classpath; If applicable, HQL parser will be used.
2026-10-06T13:20:41.762+07:00  INFO 25504 --- [inventory-service] [           main] o.s.b.a.e.web.EndpointLinksResolver      : Exposing 2 endpoints beneath base path '/actuator'
2026-10-06T13:20:42.081+07:00  INFO 25504 --- [inventory-service] [           main] o.s.b.w.embedded.tomcat.TomcatWebServer  : Tomcat started on port 8083 (http) with context path '/'
2026-10-06T13:20:42.093+07:00  INFO 25504 --- [inventory-service] [           main] vn.shop.inventory.InventoryApplication   : Started InventoryApplication in 5.638 seconds (process running for 6.052)
2026-10-06T13:20:42.184+07:00  WARN 25504 --- [inventory-service] [           main] o.s.core.events.SpringDocAppInitializer  : SpringDoc /v3/api-docs endpoint is enabled by default. To disable it in production, set the property 'springdoc.api-docs.enabled=false'
2026-10-06T13:20:42.185+07:00  WARN 25504 --- [inventory-service] [           main] o.s.core.events.SpringDocAppInitializer  : SpringDoc /swagger-ui.html endpoint is enabled by default. To disable it in production, set the property 'springdoc.swagger-ui.enabled=false'
2026-10-06T13:20:42.573+07:00  INFO 25504 --- [inventory-service] [0.1-8083-exec-1] o.a.c.c.C.[Tomcat].[localhost].[/]       : Initializing Spring DispatcherServlet 'dispatcherServlet'
2026-10-06T13:20:42.573+07:00  INFO 25504 --- [inventory-service] [0.1-8083-exec-1] o.s.web.servlet.DispatcherServlet        : Initializing Servlet 'dispatcherServlet'
2026-10-06T13:20:42.574+07:00  INFO 25504 --- [inventory-service] [0.1-8083-exec-1] o.s.web.servlet.DispatcherServlet        : Completed initialization in 1 ms
