
  .   ____          _            __ _ _
 /\\ / ___'_ __ _ _(_)_ __  __ _ \ \ \ \
( ( )\___ | '_ | '_| | '_ \/ _` | \ \ \ \
 \\/  ___)| |_)| | | | | || (_| |  ) ) ) )
  '  |____| .__|_| |_|_| |_\__, | / / / /
 =========|_|==============|___/=/_/_/_/

 :: Spring Boot ::               (v3.5.16)

2026-10-06T13:20:56.324+07:00  INFO 25900 --- [order-service] [           main] vn.shop.order.OrderApplication           : Starting OrderApplication v1.0.0 using Java 25.0.4 with PID 25900 (C:\Users\LENOVO\Documents\GitHub\nhom10\shop-quan-ao-soa\backend\order-service\target\order-service-1.0.0.jar started by LENOVO in C:\Users\LENOVO\Documents\GitHub\nhom10\shop-quan-ao-soa)
2026-10-06T13:20:56.326+07:00  INFO 25900 --- [order-service] [           main] vn.shop.order.OrderApplication           : The following 1 profile is active: "local"
2026-10-06T13:20:57.280+07:00  INFO 25900 --- [order-service] [           main] .s.d.r.c.RepositoryConfigurationDelegate : Bootstrapping Spring Data JPA repositories in DEFAULT mode.
2026-10-06T13:20:57.338+07:00  INFO 25900 --- [order-service] [           main] .s.d.r.c.RepositoryConfigurationDelegate : Finished Spring Data repository scanning in 48 ms. Found 6 JPA repository interfaces.
2026-10-06T13:20:57.941+07:00  INFO 25900 --- [order-service] [           main] o.s.b.w.embedded.tomcat.TomcatWebServer  : Tomcat initialized with port 8084 (http)
2026-10-06T13:20:57.957+07:00  INFO 25900 --- [order-service] [           main] o.apache.catalina.core.StandardService   : Starting service [Tomcat]
2026-10-06T13:20:57.958+07:00  INFO 25900 --- [order-service] [           main] o.apache.catalina.core.StandardEngine    : Starting Servlet engine: [Apache Tomcat/10.1.55]
2026-10-06T13:20:57.989+07:00  INFO 25900 --- [order-service] [           main] o.a.c.c.C.[Tomcat].[localhost].[/]       : Initializing Spring embedded WebApplicationContext
2026-10-06T13:20:57.990+07:00  INFO 25900 --- [order-service] [           main] w.s.c.ServletWebServerApplicationContext : Root WebApplicationContext: initialization completed in 1621 ms
2026-10-06T13:20:58.373+07:00  INFO 25900 --- [order-service] [           main] com.zaxxer.hikari.HikariDataSource       : HikariPool-1 - Starting...
2026-10-06T13:20:58.506+07:00  INFO 25900 --- [order-service] [           main] com.zaxxer.hikari.pool.HikariPool        : HikariPool-1 - Added connection com.mysql.cj.jdbc.ConnectionImpl@3568ea59
2026-10-06T13:20:58.507+07:00  INFO 25900 --- [order-service] [           main] com.zaxxer.hikari.HikariDataSource       : HikariPool-1 - Start completed.
2026-10-06T13:20:58.536+07:00  INFO 25900 --- [order-service] [           main] org.flywaydb.core.FlywayExecutor         : Database: jdbc:mysql://localhost:3310/shop_quan_ao_order?useSSL=false&allowPublicKeyRetrieval=true&serverTimezone=Asia/Ho_Chi_Minh&characterEncoding=UTF-8 (MySQL 8.0)
2026-10-06T13:20:58.576+07:00  INFO 25900 --- [order-service] [           main] o.f.core.internal.command.DbValidate     : Successfully validated 6 migrations (execution time 00:00.020s)
2026-10-06T13:20:58.591+07:00  INFO 25900 --- [order-service] [           main] o.f.core.internal.command.DbMigrate      : Current version of schema `shop_quan_ao_order`: 6
2026-10-06T13:20:58.595+07:00  INFO 25900 --- [order-service] [           main] o.f.core.internal.command.DbMigrate      : Schema `shop_quan_ao_order` is up to date. No migration necessary.
2026-10-06T13:20:58.670+07:00  INFO 25900 --- [order-service] [           main] o.hibernate.jpa.internal.util.LogHelper  : HHH000204: Processing PersistenceUnitInfo [name: default]
2026-10-06T13:20:58.731+07:00  INFO 25900 --- [order-service] [           main] org.hibernate.Version                    : HHH000412: Hibernate ORM core version 6.6.53.Final
2026-10-06T13:20:58.759+07:00  INFO 25900 --- [order-service] [           main] o.h.c.internal.RegionFactoryInitiator    : HHH000026: Second-level cache disabled
2026-10-06T13:20:59.002+07:00  INFO 25900 --- [order-service] [           main] o.s.o.j.p.SpringPersistenceUnitInfo      : No LoadTimeWeaver setup: ignoring JPA class transformer
2026-10-06T13:20:59.066+07:00  INFO 25900 --- [order-service] [           main] org.hibernate.orm.connections.pooling    : HHH10001005: Database info:
	Database JDBC URL [Connecting through datasource 'HikariDataSource (HikariPool-1)']
	Database driver: undefined/unknown
	Database version: 8.0.46
	Autocommit mode: undefined/unknown
	Isolation level: undefined/unknown
	Minimum pool size: undefined/unknown
	Maximum pool size: undefined/unknown
2026-10-06T13:20:59.813+07:00  INFO 25900 --- [order-service] [           main] o.h.e.t.j.p.i.JtaPlatformInitiator       : HHH000489: No JTA platform available (set 'hibernate.transaction.jta.platform' to enable JTA platform integration)
2026-10-06T13:20:59.840+07:00  INFO 25900 --- [order-service] [           main] j.LocalContainerEntityManagerFactoryBean : Initialized JPA EntityManagerFactory for persistence unit 'default'
2026-10-06T13:21:00.049+07:00  INFO 25900 --- [order-service] [           main] o.s.d.j.r.query.QueryEnhancerFactory     : Hibernate is in classpath; If applicable, HQL parser will be used.
2026-10-06T13:21:01.317+07:00  INFO 25900 --- [order-service] [           main] o.s.b.a.e.web.EndpointLinksResolver      : Exposing 2 endpoints beneath base path '/actuator'
2026-10-06T13:21:01.625+07:00  INFO 25900 --- [order-service] [           main] o.s.b.w.embedded.tomcat.TomcatWebServer  : Tomcat started on port 8084 (http) with context path '/'
2026-10-06T13:21:01.637+07:00  INFO 25900 --- [order-service] [           main] vn.shop.order.OrderApplication           : Started OrderApplication in 5.723 seconds (process running for 6.139)
2026-10-06T13:21:01.686+07:00  WARN 25900 --- [order-service] [           main] o.s.core.events.SpringDocAppInitializer  : SpringDoc /v3/api-docs endpoint is enabled by default. To disable it in production, set the property 'springdoc.api-docs.enabled=false'
2026-10-06T13:21:01.687+07:00  WARN 25900 --- [order-service] [           main] o.s.core.events.SpringDocAppInitializer  : SpringDoc /swagger-ui.html endpoint is enabled by default. To disable it in production, set the property 'springdoc.swagger-ui.enabled=false'
2026-10-06T13:21:02.046+07:00  INFO 25900 --- [order-service] [0.1-8084-exec-1] o.a.c.c.C.[Tomcat].[localhost].[/]       : Initializing Spring DispatcherServlet 'dispatcherServlet'
2026-10-06T13:21:02.046+07:00  INFO 25900 --- [order-service] [0.1-8084-exec-1] o.s.web.servlet.DispatcherServlet        : Initializing Servlet 'dispatcherServlet'
2026-10-06T13:21:02.048+07:00  INFO 25900 --- [order-service] [0.1-8084-exec-1] o.s.web.servlet.DispatcherServlet        : Completed initialization in 2 ms
