
  .   ____          _            __ _ _
 /\\ / ___'_ __ _ _(_)_ __  __ _ \ \ \ \
( ( )\___ | '_ | '_| | '_ \/ _` | \ \ \ \
 \\/  ___)| |_)| | | | | || (_| |  ) ) ) )
  '  |____| .__|_| |_|_| |_\__, | / / / /
 =========|_|==============|___/=/_/_/_/

 :: Spring Boot ::               (v3.5.16)

2026-10-06T13:20:49.967+07:00  INFO 30292 --- [promotion-review-service] [           main] vn.shop.promotion.PromotionApplication   : Starting PromotionApplication v1.0.0 using Java 25.0.4 with PID 30292 (C:\Users\LENOVO\Documents\GitHub\nhom10\shop-quan-ao-soa\backend\promotion-review-service\target\promotion-review-service-1.0.0.jar started by LENOVO in C:\Users\LENOVO\Documents\GitHub\nhom10\shop-quan-ao-soa)
2026-10-06T13:20:49.970+07:00  INFO 30292 --- [promotion-review-service] [           main] vn.shop.promotion.PromotionApplication   : The following 1 profile is active: "local"
2026-10-06T13:20:50.892+07:00  INFO 30292 --- [promotion-review-service] [           main] .s.d.r.c.RepositoryConfigurationDelegate : Bootstrapping Spring Data JPA repositories in DEFAULT mode.
2026-10-06T13:20:50.947+07:00  INFO 30292 --- [promotion-review-service] [           main] .s.d.r.c.RepositoryConfigurationDelegate : Finished Spring Data repository scanning in 41 ms. Found 6 JPA repository interfaces.
2026-10-06T13:20:51.552+07:00  INFO 30292 --- [promotion-review-service] [           main] o.s.b.w.embedded.tomcat.TomcatWebServer  : Tomcat initialized with port 8086 (http)
2026-10-06T13:20:51.574+07:00  INFO 30292 --- [promotion-review-service] [           main] o.apache.catalina.core.StandardService   : Starting service [Tomcat]
2026-10-06T13:20:51.575+07:00  INFO 30292 --- [promotion-review-service] [           main] o.apache.catalina.core.StandardEngine    : Starting Servlet engine: [Apache Tomcat/10.1.55]
2026-10-06T13:20:51.610+07:00  INFO 30292 --- [promotion-review-service] [           main] o.a.c.c.C.[Tomcat].[localhost].[/]       : Initializing Spring embedded WebApplicationContext
2026-10-06T13:20:51.611+07:00  INFO 30292 --- [promotion-review-service] [           main] w.s.c.ServletWebServerApplicationContext : Root WebApplicationContext: initialization completed in 1600 ms
2026-10-06T13:20:51.997+07:00  INFO 30292 --- [promotion-review-service] [           main] com.zaxxer.hikari.HikariDataSource       : HikariPool-1 - Starting...
2026-10-06T13:20:52.133+07:00  INFO 30292 --- [promotion-review-service] [           main] com.zaxxer.hikari.pool.HikariPool        : HikariPool-1 - Added connection com.mysql.cj.jdbc.ConnectionImpl@35329a05
2026-10-06T13:20:52.135+07:00  INFO 30292 --- [promotion-review-service] [           main] com.zaxxer.hikari.HikariDataSource       : HikariPool-1 - Start completed.
2026-10-06T13:20:52.167+07:00  INFO 30292 --- [promotion-review-service] [           main] org.flywaydb.core.FlywayExecutor         : Database: jdbc:mysql://localhost:3310/shop_quan_ao_promotion?useSSL=false&allowPublicKeyRetrieval=true&serverTimezone=Asia/Ho_Chi_Minh&characterEncoding=UTF-8 (MySQL 8.0)
2026-10-06T13:20:52.202+07:00  INFO 30292 --- [promotion-review-service] [           main] o.f.core.internal.command.DbValidate     : Successfully validated 1 migration (execution time 00:00.017s)
2026-10-06T13:20:52.214+07:00  INFO 30292 --- [promotion-review-service] [           main] o.f.core.internal.command.DbMigrate      : Current version of schema `shop_quan_ao_promotion`: 1
2026-10-06T13:20:52.217+07:00  INFO 30292 --- [promotion-review-service] [           main] o.f.core.internal.command.DbMigrate      : Schema `shop_quan_ao_promotion` is up to date. No migration necessary.
2026-10-06T13:20:52.295+07:00  INFO 30292 --- [promotion-review-service] [           main] o.hibernate.jpa.internal.util.LogHelper  : HHH000204: Processing PersistenceUnitInfo [name: default]
2026-10-06T13:20:52.358+07:00  INFO 30292 --- [promotion-review-service] [           main] org.hibernate.Version                    : HHH000412: Hibernate ORM core version 6.6.53.Final
2026-10-06T13:20:52.385+07:00  INFO 30292 --- [promotion-review-service] [           main] o.h.c.internal.RegionFactoryInitiator    : HHH000026: Second-level cache disabled
2026-10-06T13:20:52.622+07:00  INFO 30292 --- [promotion-review-service] [           main] o.s.o.j.p.SpringPersistenceUnitInfo      : No LoadTimeWeaver setup: ignoring JPA class transformer
2026-10-06T13:20:52.688+07:00  INFO 30292 --- [promotion-review-service] [           main] org.hibernate.orm.connections.pooling    : HHH10001005: Database info:
	Database JDBC URL [Connecting through datasource 'HikariDataSource (HikariPool-1)']
	Database driver: undefined/unknown
	Database version: 8.0.46
	Autocommit mode: undefined/unknown
	Isolation level: undefined/unknown
	Minimum pool size: undefined/unknown
	Maximum pool size: undefined/unknown
2026-10-06T13:20:53.331+07:00  INFO 30292 --- [promotion-review-service] [           main] o.h.e.t.j.p.i.JtaPlatformInitiator       : HHH000489: No JTA platform available (set 'hibernate.transaction.jta.platform' to enable JTA platform integration)
2026-10-06T13:20:53.358+07:00  INFO 30292 --- [promotion-review-service] [           main] j.LocalContainerEntityManagerFactoryBean : Initialized JPA EntityManagerFactory for persistence unit 'default'
2026-10-06T13:20:53.546+07:00  INFO 30292 --- [promotion-review-service] [           main] o.s.d.j.r.query.QueryEnhancerFactory     : Hibernate is in classpath; If applicable, HQL parser will be used.
2026-10-06T13:20:54.753+07:00  INFO 30292 --- [promotion-review-service] [           main] o.s.b.a.e.web.EndpointLinksResolver      : Exposing 2 endpoints beneath base path '/actuator'
2026-10-06T13:20:55.072+07:00  INFO 30292 --- [promotion-review-service] [           main] o.s.b.w.embedded.tomcat.TomcatWebServer  : Tomcat started on port 8086 (http) with context path '/'
2026-10-06T13:20:55.083+07:00  INFO 30292 --- [promotion-review-service] [           main] vn.shop.promotion.PromotionApplication   : Started PromotionApplication in 5.508 seconds (process running for 5.902)
2026-10-06T13:20:55.130+07:00  WARN 30292 --- [promotion-review-service] [           main] o.s.core.events.SpringDocAppInitializer  : SpringDoc /v3/api-docs endpoint is enabled by default. To disable it in production, set the property 'springdoc.api-docs.enabled=false'
2026-10-06T13:20:55.131+07:00  WARN 30292 --- [promotion-review-service] [           main] o.s.core.events.SpringDocAppInitializer  : SpringDoc /swagger-ui.html endpoint is enabled by default. To disable it in production, set the property 'springdoc.swagger-ui.enabled=false'
2026-10-06T13:20:55.207+07:00  INFO 30292 --- [promotion-review-service] [0.1-8086-exec-1] o.a.c.c.C.[Tomcat].[localhost].[/]       : Initializing Spring DispatcherServlet 'dispatcherServlet'
2026-10-06T13:20:55.207+07:00  INFO 30292 --- [promotion-review-service] [0.1-8086-exec-1] o.s.web.servlet.DispatcherServlet        : Initializing Servlet 'dispatcherServlet'
2026-10-06T13:20:55.208+07:00  INFO 30292 --- [promotion-review-service] [0.1-8086-exec-1] o.s.web.servlet.DispatcherServlet        : Completed initialization in 1 ms
