
  .   ____          _            __ _ _
 /\\ / ___'_ __ _ _(_)_ __  __ _ \ \ \ \
( ( )\___ | '_ | '_| | '_ \/ _` | \ \ \ \
 \\/  ___)| |_)| | | | | || (_| |  ) ) ) )
  '  |____| .__|_| |_|_| |_\__, | / / / /
 =========|_|==============|___/=/_/_/_/

 :: Spring Boot ::               (v3.5.16)

2026-10-06T13:21:03.144+07:00  INFO 20024 --- [reporting-notification-service] [           main] vn.shop.reporting.ReportingApplication   : Starting ReportingApplication v1.0.0 using Java 25.0.4 with PID 20024 (C:\Users\LENOVO\Documents\GitHub\nhom10\shop-quan-ao-soa\backend\reporting-notification-service\target\reporting-notification-service-1.0.0.jar started by LENOVO in C:\Users\LENOVO\Documents\GitHub\nhom10\shop-quan-ao-soa)
2026-10-06T13:21:03.146+07:00  INFO 20024 --- [reporting-notification-service] [           main] vn.shop.reporting.ReportingApplication   : The following 1 profile is active: "local"
2026-10-06T13:21:04.057+07:00  INFO 20024 --- [reporting-notification-service] [           main] .s.d.r.c.RepositoryConfigurationDelegate : Bootstrapping Spring Data JPA repositories in DEFAULT mode.
2026-10-06T13:21:04.109+07:00  INFO 20024 --- [reporting-notification-service] [           main] .s.d.r.c.RepositoryConfigurationDelegate : Finished Spring Data repository scanning in 41 ms. Found 7 JPA repository interfaces.
2026-10-06T13:21:04.701+07:00  INFO 20024 --- [reporting-notification-service] [           main] o.s.b.w.embedded.tomcat.TomcatWebServer  : Tomcat initialized with port 8087 (http)
2026-10-06T13:21:04.722+07:00  INFO 20024 --- [reporting-notification-service] [           main] o.apache.catalina.core.StandardService   : Starting service [Tomcat]
2026-10-06T13:21:04.723+07:00  INFO 20024 --- [reporting-notification-service] [           main] o.apache.catalina.core.StandardEngine    : Starting Servlet engine: [Apache Tomcat/10.1.55]
2026-10-06T13:21:04.766+07:00  INFO 20024 --- [reporting-notification-service] [           main] o.a.c.c.C.[Tomcat].[localhost].[/]       : Initializing Spring embedded WebApplicationContext
2026-10-06T13:21:04.768+07:00  INFO 20024 --- [reporting-notification-service] [           main] w.s.c.ServletWebServerApplicationContext : Root WebApplicationContext: initialization completed in 1579 ms
2026-10-06T13:21:05.195+07:00  INFO 20024 --- [reporting-notification-service] [           main] com.zaxxer.hikari.HikariDataSource       : HikariPool-1 - Starting...
2026-10-06T13:21:05.337+07:00  INFO 20024 --- [reporting-notification-service] [           main] com.zaxxer.hikari.pool.HikariPool        : HikariPool-1 - Added connection com.mysql.cj.jdbc.ConnectionImpl@7db162f2
2026-10-06T13:21:05.339+07:00  INFO 20024 --- [reporting-notification-service] [           main] com.zaxxer.hikari.HikariDataSource       : HikariPool-1 - Start completed.
2026-10-06T13:21:05.375+07:00  INFO 20024 --- [reporting-notification-service] [           main] org.flywaydb.core.FlywayExecutor         : Database: jdbc:mysql://localhost:3310/shop_quan_ao_reporting?useSSL=false&allowPublicKeyRetrieval=true&serverTimezone=Asia/Ho_Chi_Minh&characterEncoding=UTF-8 (MySQL 8.0)
2026-10-06T13:21:05.411+07:00  INFO 20024 --- [reporting-notification-service] [           main] o.f.core.internal.command.DbValidate     : Successfully validated 4 migrations (execution time 00:00.020s)
2026-10-06T13:21:05.424+07:00  INFO 20024 --- [reporting-notification-service] [           main] o.f.core.internal.command.DbMigrate      : Current version of schema `shop_quan_ao_reporting`: 4
2026-10-06T13:21:05.428+07:00  INFO 20024 --- [reporting-notification-service] [           main] o.f.core.internal.command.DbMigrate      : Schema `shop_quan_ao_reporting` is up to date. No migration necessary.
2026-10-06T13:21:05.501+07:00  INFO 20024 --- [reporting-notification-service] [           main] o.hibernate.jpa.internal.util.LogHelper  : HHH000204: Processing PersistenceUnitInfo [name: default]
2026-10-06T13:21:05.562+07:00  INFO 20024 --- [reporting-notification-service] [           main] org.hibernate.Version                    : HHH000412: Hibernate ORM core version 6.6.53.Final
2026-10-06T13:21:05.591+07:00  INFO 20024 --- [reporting-notification-service] [           main] o.h.c.internal.RegionFactoryInitiator    : HHH000026: Second-level cache disabled
2026-10-06T13:21:05.831+07:00  INFO 20024 --- [reporting-notification-service] [           main] o.s.o.j.p.SpringPersistenceUnitInfo      : No LoadTimeWeaver setup: ignoring JPA class transformer
2026-10-06T13:21:05.900+07:00  INFO 20024 --- [reporting-notification-service] [           main] org.hibernate.orm.connections.pooling    : HHH10001005: Database info:
	Database JDBC URL [Connecting through datasource 'HikariDataSource (HikariPool-1)']
	Database driver: undefined/unknown
	Database version: 8.0.46
	Autocommit mode: undefined/unknown
	Isolation level: undefined/unknown
	Minimum pool size: undefined/unknown
	Maximum pool size: undefined/unknown
2026-10-06T13:21:06.517+07:00  INFO 20024 --- [reporting-notification-service] [           main] o.h.e.t.j.p.i.JtaPlatformInitiator       : HHH000489: No JTA platform available (set 'hibernate.transaction.jta.platform' to enable JTA platform integration)
2026-10-06T13:21:06.543+07:00  INFO 20024 --- [reporting-notification-service] [           main] j.LocalContainerEntityManagerFactoryBean : Initialized JPA EntityManagerFactory for persistence unit 'default'
2026-10-06T13:21:06.767+07:00  INFO 20024 --- [reporting-notification-service] [           main] o.s.d.j.r.query.QueryEnhancerFactory     : Hibernate is in classpath; If applicable, HQL parser will be used.
2026-10-06T13:21:07.956+07:00  INFO 20024 --- [reporting-notification-service] [           main] o.s.b.a.e.web.EndpointLinksResolver      : Exposing 2 endpoints beneath base path '/actuator'
2026-10-06T13:21:08.265+07:00  INFO 20024 --- [reporting-notification-service] [           main] o.s.b.w.embedded.tomcat.TomcatWebServer  : Tomcat started on port 8087 (http) with context path '/'
2026-10-06T13:21:08.275+07:00  INFO 20024 --- [reporting-notification-service] [           main] vn.shop.reporting.ReportingApplication   : Started ReportingApplication in 5.527 seconds (process running for 5.947)
2026-10-06T13:21:08.322+07:00  WARN 20024 --- [reporting-notification-service] [           main] o.s.core.events.SpringDocAppInitializer  : SpringDoc /v3/api-docs endpoint is enabled by default. To disable it in production, set the property 'springdoc.api-docs.enabled=false'
2026-10-06T13:21:08.323+07:00  WARN 20024 --- [reporting-notification-service] [           main] o.s.core.events.SpringDocAppInitializer  : SpringDoc /swagger-ui.html endpoint is enabled by default. To disable it in production, set the property 'springdoc.swagger-ui.enabled=false'
2026-10-06T13:21:08.353+07:00  INFO 20024 --- [reporting-notification-service] [0.1-8087-exec-1] o.a.c.c.C.[Tomcat].[localhost].[/]       : Initializing Spring DispatcherServlet 'dispatcherServlet'
2026-10-06T13:21:08.353+07:00  INFO 20024 --- [reporting-notification-service] [0.1-8087-exec-1] o.s.web.servlet.DispatcherServlet        : Initializing Servlet 'dispatcherServlet'
2026-10-06T13:21:08.354+07:00  INFO 20024 --- [reporting-notification-service] [0.1-8087-exec-1] o.s.web.servlet.DispatcherServlet        : Completed initialization in 0 ms
